muga ─────── spedr

  Title       NullPointerException in UserService.getById
  Service     api-server
  Count       42
  First seen  2026-03-26 08:12 UTC
  Last seen   2026-03-28 12:30 UTC

  Stack trace:
    at UserService.getById(UserService.java:42)
    at UserController.show(UserController.java:18)
    at Router.handle(Router.java:112)

  Recent occurrences:
    TIMESTAMP            LEVEL  SERVICE     MESSAGE
    2026-03-28 12:30:01  error  api-server  NullPointerException in UserService
    2026-03-28 12:15:22  error  api-server  NullPointerException in UserService
    2026-03-28 11:58:03  error  api-server  NullPointerException in UserService
